c:\directxgames\3dgame\gamesample01\x64\debug\coin.obj
c:\directxgames\3dgame\gamesample01\x64\debug\light_camera.obj
c:\directxgames\3dgame\gamesample01\x64\debug\rendertextureclass.obj
c:\directxgames\3dgame\gamesample01\x64\debug\text.obj
c:\directxgames\3dgame\gamesample01\x64\debug\shader.obj
c:\directxgames\3dgame\gamesample01\x64\debug\enemy.obj
c:\directxgames\3dgame\gamesample01\x64\debug\fog.obj
c:\directxgames\3dgame\gamesample01\x64\debug\shader3d.obj
c:\directxgames\3dgame\gamesample01\x64\debug\main.obj
c:\directxgames\3dgame\gamesample01\x64\debug\circle_shadow.obj
c:\directxgames\3dgame\gamesample01\x64\debug\goalcollision.obj
c:\directxgames\3dgame\gamesample01\x64\debug\trajetory3d.obj
c:\directxgames\3dgame\gamesample01\x64\debug\key_logger.obj
c:\directxgames\3dgame\gamesample01\x64\debug\ballplayer.obj
c:\directxgames\3dgame\gamesample01\x64\debug\pad_logger.obj
c:\directxgames\3dgame\gamesample01\x64\debug\collision.obj
c:\directxgames\3dgame\gamesample01\x64\debug\sprite.obj
c:\directxgames\3dgame\gamesample01\x64\debug\camera.obj
c:\directxgames\3dgame\gamesample01\x64\debug\shadow.obj
c:\directxgames\3dgame\gamesample01\x64\debug\shader3d_unlit.obj
c:\directxgames\3dgame\gamesample01\x64\debug\scene.obj
c:\directxgames\3dgame\gamesample01\x64\debug\cube.obj
c:\directxgames\3dgame\gamesample01\x64\debug\grid.obj
c:\directxgames\3dgame\gamesample01\x64\debug\player_camera.obj
c:\directxgames\3dgame\gamesample01\x64\debug\keyboard.obj
c:\directxgames\3dgame\gamesample01\x64\debug\bullet.obj
c:\directxgames\3dgame\gamesample01\x64\debug\particle_test.obj
c:\directxgames\3dgame\gamesample01\x64\debug\direct3d.obj
c:\directxgames\3dgame\gamesample01\x64\debug\easingtest.obj
c:\directxgames\3dgame\gamesample01\x64\debug\light.obj
c:\directxgames\3dgame\gamesample01\x64\debug\sampler.obj
c:\directxgames\3dgame\gamesample01\x64\debug\debug_ostream.obj
c:\directxgames\3dgame\gamesample01\x64\debug\sprite_anim.obj
c:\directxgames\3dgame\gamesample01\x64\debug\audio.obj
c:\directxgames\3dgame\gamesample01\x64\debug\enemy_humanoid.obj
c:\directxgames\3dgame\gamesample01\x64\debug\terrain.obj
c:\directxgames\3dgame\gamesample01\x64\debug\fade.obj
c:\directxgames\3dgame\gamesample01\x64\debug\depthshader.obj
c:\directxgames\3dgame\gamesample01\x64\debug\particle.obj
c:\directxgames\3dgame\gamesample01\x64\debug\shader_billboard.obj
c:\directxgames\3dgame\gamesample01\x64\debug\texture.obj
c:\directxgames\3dgame\gamesample01\x64\debug\coinscore.obj
c:\directxgames\3dgame\gamesample01\x64\debug\mage.obj
c:\directxgames\3dgame\gamesample01\x64\debug\shader_field.obj
c:\directxgames\3dgame\gamesample01\x64\debug\system_timer.obj
c:\directxgames\3dgame\gamesample01\x64\debug\aircurvechallenge.obj
c:\directxgames\3dgame\gamesample01\x64\debug\map.obj
c:\directxgames\3dgame\gamesample01\x64\debug\debug_text.obj
c:\directxgames\3dgame\gamesample01\x64\debug\bullet_hit_effect.obj
c:\directxgames\3dgame\gamesample01\x64\debug\enemy_normal.obj
c:\directxgames\3dgame\gamesample01\x64\debug\player.obj
c:\directxgames\3dgame\gamesample01\x64\debug\effect.obj
c:\directxgames\3dgame\gamesample01\x64\debug\billboard.obj
c:\directxgames\3dgame\gamesample01\x64\debug\goal.obj
c:\directxgames\3dgame\gamesample01\x64\debug\sky.obj
c:\directxgames\3dgame\gamesample01\x64\debug\game_window.obj
c:\directxgames\3dgame\gamesample01\x64\debug\title.obj
c:\directxgames\3dgame\gamesample01\x64\debug\mouse.obj
c:\directxgames\3dgame\gamesample01\x64\debug\enemy_mushroom.obj
c:\directxgames\3dgame\gamesample01\x64\debug\model.obj
c:\directxgames\3dgame\gamesample01\x64\debug\game.obj
c:\directxgames\3dgame\gamesample01\x64\debug\dust_particle.obj
c:\directxgames\3dgame\gamesample01\x64\debug\result.obj
c:\directxgames\3dgame\gamesample01\x64\debug\ui.obj
c:\directxgames\3dgame\gamesample01\x64\debug\wictextureloader11.obj
c:\directxgames\3dgame\gamesample01\x64\debug\score.obj
c:\directxgames\3dgame\gamesample01\x64\debug\vc143.pdb
c:\directxgames\3dgame\gamesample01\x64\debug\ui_goalanim.obj
c:\directxgames\3dgame\gamesample01\x64\debug\vc143.idb
c:\directxgames\3dgame\gamesample01\x64\debug\ui_kickpower.obj
c:\directxgames\3dgame\x64\debug\depth_pixel.cso
c:\directxgames\3dgame\x64\debug\depth_vertex.cso
c:\directxgames\3dgame\x64\debug\shader_pixel_2d.cso
c:\directxgames\3dgame\x64\debug\shader_pixel_3d_unlit.cso
c:\directxgames\3dgame\x64\debug\shader_pixel_billboard.cso
c:\directxgames\3dgame\x64\debug\shader_vertex_2d.cso
c:\directxgames\3dgame\x64\debug\shader_vertex_3d.cso
c:\directxgames\3dgame\x64\debug\shader_vertex_3d_unlit.cso
c:\directxgames\3dgame\x64\debug\shader_vertex_billboard.cso
c:\directxgames\3dgame\x64\debug\shader_vertex_field.cso
c:\directxgames\3dgame\x64\debug\shader_pixel_3d_field.cso
c:\directxgames\3dgame\x64\debug\shader_pixel_3d.cso
c:\directxgames\3dgame\x64\debug\gamesample01.exe
c:\directxgames\3dgame\x64\debug\gamesample01.pdb
c:\directxgames\3dgame\gamesample01\x64\debug\gamesample01.ilk
c:\directxgames\3dgame\gamesample01\x64\debug\gamesample01.tlog\cl.command.1.tlog
c:\directxgames\3dgame\gamesample01\x64\debug\gamesample01.tlog\cl.items.tlog
c:\directxgames\3dgame\gamesample01\x64\debug\gamesample01.tlog\cl.read.1.tlog
c:\directxgames\3dgame\gamesample01\x64\debug\gamesample01.tlog\cl.write.1.tlog
c:\directxgames\3dgame\gamesample01\x64\debug\gamesample01.tlog\fxc.command.1.tlog
c:\directxgames\3dgame\gamesample01\x64\debug\gamesample01.tlog\fxc.read.1.tlog
c:\directxgames\3dgame\gamesample01\x64\debug\gamesample01.tlog\fxc.write.1.tlog
c:\directxgames\3dgame\gamesample01\x64\debug\gamesample01.tlog\link.command.1.tlog
c:\directxgames\3dgame\gamesample01\x64\debug\gamesample01.tlog\link.read.1.tlog
c:\directxgames\3dgame\gamesample01\x64\debug\gamesample01.tlog\link.secondary.1.tlog
c:\directxgames\3dgame\gamesample01\x64\debug\gamesample01.tlog\link.write.1.tlog
