c:\directxgames\gamesample\gamesample01\x64\release\bullet.obj
c:\directxgames\gamesample\gamesample01\x64\release\mouse.obj
c:\directxgames\gamesample\gamesample01\x64\release\enemy.obj
c:\directxgames\gamesample\gamesample01\x64\release\texture.obj
c:\directxgames\gamesample\gamesample01\x64\release\wictextureloader11.obj
c:\directxgames\gamesample\gamesample01\x64\release\sprite.obj
c:\directxgames\gamesample\gamesample01\x64\release\audio.obj
c:\directxgames\gamesample\gamesample01\x64\release\player.obj
c:\directxgames\gamesample\gamesample01\x64\release\fade.obj
c:\directxgames\gamesample\gamesample01\x64\release\title.obj
c:\directxgames\gamesample\gamesample01\x64\release\game_window.obj
c:\directxgames\gamesample\gamesample01\x64\release\polygon.obj
c:\directxgames\gamesample\gamesample01\x64\release\sprite_anim.obj
c:\directxgames\gamesample\gamesample01\x64\release\game.obj
c:\directxgames\gamesample\gamesample01\x64\release\direct3d.obj
c:\directxgames\gamesample\gamesample01\x64\release\keyboard.obj
c:\directxgames\gamesample\gamesample01\x64\release\score.obj
c:\directxgames\gamesample\gamesample01\x64\release\debug_text.obj
c:\directxgames\gamesample\gamesample01\x64\release\enemy_spawner.obj
c:\directxgames\gamesample\gamesample01\x64\release\key_logger.obj
c:\directxgames\gamesample\gamesample01\x64\release\debug_ostream.obj
c:\directxgames\gamesample\gamesample01\x64\release\system_timer.obj
c:\directxgames\gamesample\gamesample01\x64\release\effect.obj
c:\directxgames\gamesample\gamesample01\x64\release\scene.obj
c:\directxgames\gamesample\gamesample01\x64\release\shader.obj
c:\directxgames\gamesample\gamesample01\x64\release\collision.obj
c:\directxgames\gamesample\gamesample01\x64\release\main.obj
c:\directxgames\gamesample\gamesample01\x64\release\vc143.pdb
c:\directxgames\gamesample\x64\release\shader_pixel_2d.cso
c:\directxgames\gamesample\x64\release\shader_vertex_2d.cso
c:\directxgames\gamesample\gamesample01\x64\release\gamesample01.tlog\cl.command.1.tlog
c:\directxgames\gamesample\gamesample01\x64\release\gamesample01.tlog\cl.read.1.tlog
c:\directxgames\gamesample\gamesample01\x64\release\gamesample01.tlog\cl.write.1.tlog
c:\directxgames\gamesample\gamesample01\x64\release\gamesample01.tlog\fxc.command.1.tlog
c:\directxgames\gamesample\gamesample01\x64\release\gamesample01.tlog\fxc.read.1.tlog
c:\directxgames\gamesample\gamesample01\x64\release\gamesample01.tlog\fxc.write.1.tlog
c:\directxgames\gamesample\gamesample01\x64\release\gamesample01.tlog\link.command.1.tlog
c:\directxgames\gamesample\gamesample01\x64\release\gamesample01.tlog\link.read.1.tlog
c:\directxgames\gamesample\gamesample01\x64\release\gamesample01.tlog\link.write.1.tlog
